
> emaar-website@0.1.0 build
> next build

▲ Next.js 16.2.4 (Turbopack)

  Creating an optimized production build ...
✓ Compiled successfully in 7.7s
  Running TypeScript ...
Failed to type check.

./components/Footer.tsx:149:16
Type error: Cannot find name 'socialLinks'.

  [90m147 |[0m             {[90m/* Social Links */[0m}
  [90m148 |[0m             <div className={[32m`flex gap-3 pt-2 [0m${isRTL ? [32m'justify-start'[0m : [32m''[0m[32m}`[0m}>
[31m[1m>[0m [90m149 |[0m               {socialLinks.map((social, idx) => (
  [90m    |[0m                [31m[1m^[0m
  [90m150 |[0m                 <motion.a
  [90m151 |[0m                   key={idx}
  [90m152 |[0m                   href={social.href}
Next.js build worker exited with code: 1 and signal: null
